EN kod_blok_iter NULL C:/Studia/ULiC/Zad2.1/Kod_Blok_Iter.vhd sub00/vhpl00 1618161010
AR kod_blok_iter behavioral C:/Studia/ULiC/Zad2.1/Kod_Blok_Iter.vhd sub00/vhpl01 1618161011
EN schemat_uk_iter NULL C:/Studia/ULiC/Zad2.1/Schemat_Uk_Iter.vhf sub00/vhpl02 1618161012
AR schemat_uk_iter behavioral C:/Studia/ULiC/Zad2.1/Schemat_Uk_Iter.vhf sub00/vhpl03 1618161013
