AR aktywna_anoda behavioral C:/Studia/ULiC/ProjektZaliczeniowy/aktywna_anoda.vhd sub00/vhpl04 1621924517
EN schematglowny NULL C:/Studia/ULiC/ProjektZaliczeniowy/SchematGlowny.vhf sub00/vhpl18 1621924532
AR moj_projekt_mux behavioral C:/Studia/ULiC/ProjektZaliczeniowy/moj_projekt_MUX.vhd sub00/vhpl21 1621924531
AR dzielnik_100khz_na_400hz behavioral C:/Studia/ULiC/ProjektZaliczeniowy/dzielnik_100kHz_na_400Hz.vhd sub00/vhpl05 1621924513
AR mult_vec1 behavioral C:/Studia/ULiC/ProjektZaliczeniowy/mult_vec1.vhd sub00/vhpl10 1621924521
EN moj_projekt_mux NULL C:/Studia/ULiC/ProjektZaliczeniowy/moj_projekt_MUX.vhd sub00/vhpl20 1621924530
EN transkoder_7s NULL C:/Studia/ULiC/ProjektZaliczeniowy/transkoder_7s.vhd sub00/vhpl12 1621924528
AR ster_kropka behavioral C:/Studia/ULiC/ProjektZaliczeniowy/ster_kropka.vhd sub00/vhpl14 1621924527
EN moj_projekt NULL C:/Studia/ULiC/ProjektZaliczeniowy/moj_projekt.vhd sub00/vhpl08 1621924518
EN moj_projekt_diody NULL C:/Studia/ULiC/ProjektZaliczeniowy/moj_projekt_Diody.vhd sub00/vhpl16 1621924524
AR moj_projekt_diody behavioral C:/Studia/ULiC/ProjektZaliczeniowy/moj_projekt_Diody.vhd sub00/vhpl17 1621924525
AR schematglowny behavioral C:/Studia/ULiC/ProjektZaliczeniowy/SchematGlowny.vhf sub00/vhpl19 1621924533
EN dzielnik_400hz_na_10hz NULL C:/Studia/ULiC/ProjektZaliczeniowy/dzielnik_400Hz_na_10Hz.vhd sub00/vhpl06 1621924522
EN mult_vec1 NULL C:/Studia/ULiC/ProjektZaliczeniowy/mult_vec1.vhd sub00/vhpl09 1621924520
AR licznik_cyfra behavioral C:/Studia/ULiC/ProjektZaliczeniowy/licznik_cyfra.vhd sub00/vhpl02 1621924515
EN licznik_cyfra NULL C:/Studia/ULiC/ProjektZaliczeniowy/licznik_cyfra.vhd sub00/vhpl01 1621924514
AR dzielnik_400hz_na_10hz behavioral C:/Studia/ULiC/ProjektZaliczeniowy/dzielnik_400Hz_na_10Hz.vhd sub00/vhpl07 1621924523
EN dzielnik_100khz_na_400hz NULL C:/Studia/ULiC/ProjektZaliczeniowy/dzielnik_100kHz_na_400Hz.vhd sub00/vhpl00 1621924512
AR moj_projekt behavioral C:/Studia/ULiC/ProjektZaliczeniowy/moj_projekt.vhd sub00/vhpl15 1621924519
EN ster_kropka NULL C:/Studia/ULiC/ProjektZaliczeniowy/ster_kropka.vhd sub00/vhpl11 1621924526
EN aktywna_anoda NULL C:/Studia/ULiC/ProjektZaliczeniowy/aktywna_anoda.vhd sub00/vhpl03 1621924516
AR transkoder_7s behavioral C:/Studia/ULiC/ProjektZaliczeniowy/transkoder_7s.vhd sub00/vhpl13 1621924529
