AR aktywna_anoda behavioral C:/Studia/ULiC/ProjektZaliczeniowy/aktywna_anoda.vhd sub00/vhpl04 1620819491
EN schematglowny NULL C:/Studia/ULiC/ProjektZaliczeniowy/SchematGlowny.vhf sub00/vhpl18 1620819506
AR moj_projekt_mux behavioral C:/Studia/ULiC/ProjektZaliczeniowy/moj_projekt_MUX.vhd sub00/vhpl21 1620819505
AR dzielnik_100khz_na_400hz behavioral C:/Studia/ULiC/ProjektZaliczeniowy/dzielnik_100kHz_na_400Hz.vhd sub00/vhpl05 1620819487
AR mult_vec1 behavioral C:/Studia/ULiC/ProjektZaliczeniowy/mult_vec1.vhd sub00/vhpl10 1620819495
EN moj_projekt_mux NULL C:/Studia/ULiC/ProjektZaliczeniowy/moj_projekt_MUX.vhd sub00/vhpl20 1620819504
EN transkoder_7s NULL C:/Studia/ULiC/ProjektZaliczeniowy/transkoder_7s.vhd sub00/vhpl12 1620819502
AR ster_kropka behavioral C:/Studia/ULiC/ProjektZaliczeniowy/ster_kropka.vhd sub00/vhpl14 1620819501
EN moj_projekt NULL C:/Studia/ULiC/ProjektZaliczeniowy/moj_projekt.vhd sub00/vhpl08 1620819492
EN moj_projekt_diody NULL C:/Studia/ULiC/ProjektZaliczeniowy/moj_projekt_Diody.vhd sub00/vhpl16 1620819498
AR moj_projekt_diody behavioral C:/Studia/ULiC/ProjektZaliczeniowy/moj_projekt_Diody.vhd sub00/vhpl17 1620819499
AR schematglowny behavioral C:/Studia/ULiC/ProjektZaliczeniowy/SchematGlowny.vhf sub00/vhpl19 1620819507
EN dzielnik_400hz_na_10hz NULL C:/Studia/ULiC/ProjektZaliczeniowy/dzielnik_400Hz_na_10Hz.vhd sub00/vhpl06 1620819496
EN mult_vec1 NULL C:/Studia/ULiC/ProjektZaliczeniowy/mult_vec1.vhd sub00/vhpl09 1620819494
AR licznik_cyfra behavioral C:/Studia/ULiC/ProjektZaliczeniowy/licznik_cyfra.vhd sub00/vhpl02 1620819489
EN licznik_cyfra NULL C:/Studia/ULiC/ProjektZaliczeniowy/licznik_cyfra.vhd sub00/vhpl01 1620819488
AR dzielnik_400hz_na_10hz behavioral C:/Studia/ULiC/ProjektZaliczeniowy/dzielnik_400Hz_na_10Hz.vhd sub00/vhpl07 1620819497
EN dzielnik_100khz_na_400hz NULL C:/Studia/ULiC/ProjektZaliczeniowy/dzielnik_100kHz_na_400Hz.vhd sub00/vhpl00 1620819486
AR moj_projekt behavioral C:/Studia/ULiC/ProjektZaliczeniowy/moj_projekt.vhd sub00/vhpl15 1620819493
EN ster_kropka NULL C:/Studia/ULiC/ProjektZaliczeniowy/ster_kropka.vhd sub00/vhpl11 1620819500
EN aktywna_anoda NULL C:/Studia/ULiC/ProjektZaliczeniowy/aktywna_anoda.vhd sub00/vhpl03 1620819490
AR transkoder_7s behavioral C:/Studia/ULiC/ProjektZaliczeniowy/transkoder_7s.vhd sub00/vhpl13 1620819503
