V3 45
FL C:/Studia/ULiC/ProjektZaliczeniowy/aktywna_anoda.vhd 2021/05/25.08:32:34 P.20131013
EN work/aktywna_anoda 1621924516 \
      FL C:/Studia/ULiC/ProjektZaliczeniowy/aktywna_anoda.vhd \
      PB ieee/std_logic_1164 1381692176
AR work/aktywna_anoda/Behavioral 1621924517 \
      FL C:/Studia/ULiC/ProjektZaliczeniowy/aktywna_anoda.vhd \
      EN work/aktywna_anoda 1621924516
FL C:/Studia/ULiC/ProjektZaliczeniowy/dzielnik_100kHz_na_400Hz.vhd 2021/05/09.12:25:03 P.20131013
EN work/dzielnik_100kHz_na_400Hz 1621924512 \
      FL C:/Studia/ULiC/ProjektZaliczeniowy/dzielnik_100kHz_na_400Hz.vhd \
      PB ieee/std_logic_1164 1381692176 PB ieee/std_logic_arith 1381692177 \
      PB ieee/STD_LOGIC_UNSIGNED 1381692179
AR work/dzielnik_100kHz_na_400Hz/Behavioral 1621924513 \
      FL C:/Studia/ULiC/ProjektZaliczeniowy/dzielnik_100kHz_na_400Hz.vhd \
      EN work/dzielnik_100kHz_na_400Hz 1621924512
FL C:/Studia/ULiC/ProjektZaliczeniowy/dzielnik_400Hz_na_10Hz.vhd 2021/05/09.12:25:31 P.20131013
EN work/dzielnik_400Hz_na_10Hz 1621924522 \
      FL C:/Studia/ULiC/ProjektZaliczeniowy/dzielnik_400Hz_na_10Hz.vhd \
      PB ieee/std_logic_1164 1381692176 PB ieee/std_logic_arith 1381692177 \
      PB ieee/STD_LOGIC_UNSIGNED 1381692179
AR work/dzielnik_400Hz_na_10Hz/Behavioral 1621924523 \
      FL C:/Studia/ULiC/ProjektZaliczeniowy/dzielnik_400Hz_na_10Hz.vhd \
      EN work/dzielnik_400Hz_na_10Hz 1621924522
FL C:/Studia/ULiC/ProjektZaliczeniowy/licznik_cyfra.vhd 2021/05/09.12:22:51 P.20131013
EN work/licznik_cyfra 1621924514 \
      FL C:/Studia/ULiC/ProjektZaliczeniowy/licznik_cyfra.vhd \
      PB ieee/std_logic_1164 1381692176 PB ieee/std_logic_arith 1381692177 \
      PB ieee/STD_LOGIC_UNSIGNED 1381692179
AR work/licznik_cyfra/Behavioral 1621924515 \
      FL C:/Studia/ULiC/ProjektZaliczeniowy/licznik_cyfra.vhd \
      EN work/licznik_cyfra 1621924514
FL C:/Studia/ULiC/ProjektZaliczeniowy/moj_projekt.vhd 2021/05/25.08:31:36 P.20131013
EN work/moj_projekt 1621924518 \
      FL C:/Studia/ULiC/ProjektZaliczeniowy/moj_projekt.vhd \
      PB ieee/std_logic_1164 1381692176 PB ieee/std_logic_arith 1381692177 \
      PB ieee/STD_LOGIC_UNSIGNED 1381692179
AR work/moj_projekt/Behavioral 1621924519 \
      FL C:/Studia/ULiC/ProjektZaliczeniowy/moj_projekt.vhd EN work/moj_projekt 1621924518
FL C:/Studia/ULiC/ProjektZaliczeniowy/moj_projekt_Diody.vhd 2021/05/11.10:39:51 P.20131013
EN work/moj_projekt_Diody 1621924524 \
      FL C:/Studia/ULiC/ProjektZaliczeniowy/moj_projekt_Diody.vhd \
      PB ieee/std_logic_1164 1381692176
AR work/moj_projekt_Diody/Behavioral 1621924525 \
      FL C:/Studia/ULiC/ProjektZaliczeniowy/moj_projekt_Diody.vhd \
      EN work/moj_projekt_Diody 1621924524
FL C:/Studia/ULiC/ProjektZaliczeniowy/moj_projekt_MUX.vhd 2021/05/12.13:27:16 P.20131013
EN work/moj_projekt_MUX 1621924530 \
      FL C:/Studia/ULiC/ProjektZaliczeniowy/moj_projekt_MUX.vhd \
      PB ieee/std_logic_1164 1381692176
AR work/moj_projekt_MUX/Behavioral 1621924531 \
      FL C:/Studia/ULiC/ProjektZaliczeniowy/moj_projekt_MUX.vhd \
      EN work/moj_projekt_MUX 1621924530
FL C:/Studia/ULiC/ProjektZaliczeniowy/mult_vec1.vhd 2021/05/12.13:19:57 P.20131013
EN work/mult_vec1 1621924520 FL C:/Studia/ULiC/ProjektZaliczeniowy/mult_vec1.vhd \
      PB ieee/std_logic_1164 1381692176
AR work/mult_vec1/Behavioral 1621924521 \
      FL C:/Studia/ULiC/ProjektZaliczeniowy/mult_vec1.vhd EN work/mult_vec1 1621924520
FL C:/Studia/ULiC/ProjektZaliczeniowy/SchematGlowny.vhf 2021/05/25.08:35:09 P.20131013
EN work/SchematGlowny 1621924532 \
      FL C:/Studia/ULiC/ProjektZaliczeniowy/SchematGlowny.vhf \
      PB ieee/std_logic_1164 1381692176 PB ieee/NUMERIC_STD 1381692181 LB UNISIM \
      PH unisim/VCOMPONENTS 1381692182
AR work/SchematGlowny/BEHAVIORAL 1621924533 \
      FL C:/Studia/ULiC/ProjektZaliczeniowy/SchematGlowny.vhf \
      EN work/SchematGlowny 1621924532 CP dzielnik_100kHz_na_400Hz \
      CP licznik_cyfra CP aktywna_anoda CP moj_projekt CP mult_vec1 \
      CP dzielnik_400Hz_na_10Hz CP moj_projekt_Diody CP INV CP ster_kropka \
      CP transkoder_7s CP moj_projekt_MUX
FL C:/Studia/ULiC/ProjektZaliczeniowy/ster_kropka.vhd 2021/05/11.09:04:50 P.20131013
EN work/ster_kropka 1621924526 \
      FL C:/Studia/ULiC/ProjektZaliczeniowy/ster_kropka.vhd \
      PB ieee/std_logic_1164 1381692176
AR work/ster_kropka/Behavioral 1621924527 \
      FL C:/Studia/ULiC/ProjektZaliczeniowy/ster_kropka.vhd EN work/ster_kropka 1621924526
FL C:/Studia/ULiC/ProjektZaliczeniowy/transkoder_7s.vhd 2021/05/09.12:31:14 P.20131013
EN work/transkoder_7s 1621924528 \
      FL C:/Studia/ULiC/ProjektZaliczeniowy/transkoder_7s.vhd \
      PB ieee/std_logic_1164 1381692176
AR work/transkoder_7s/Behavioral 1621924529 \
      FL C:/Studia/ULiC/ProjektZaliczeniowy/transkoder_7s.vhd \
      EN work/transkoder_7s 1621924528
